// Jest Snapshot v1, https://goo.gl/fbAQLP

exports[`src/pages/home/index.tsx Render Home page 1`] = `
<div>
  <nav>
    <div
      class="container"
    >
      <div
        class="navGrid"
      >
        <img
          alt="LinkedTeam"
          src="test-file-stub"
        />
        <img
          alt="LinkedTeam"
          src="test-file-stub"
        />
        <img
          alt="LinkedTeam"
          src="test-file-stub"
        />
      </div>
    </div>
  </nav>
  <div
    class="navBottom"
  >
    <div
      class="navGrid"
    >
      <img
        alt="LinkedTeam"
        src="test-file-stub"
      />
      <img
        alt="LinkedTeam"
        src="test-file-stub"
      />
      <img
        alt="LinkedTeam"
        src="test-file-stub"
      />
      <img
        alt="LinkedTeam"
        src="test-file-stub"
      />
      <img
        alt="LinkedTeam"
        src="test-file-stub"
      />
    </div>
  </div>
  <div
    class="home"
  >
    <h1>
      test
    </h1>
    <div
      class="container"
    >
      <div
        class="posts"
      >
        <div
          class="post"
        >
          <div
            class="user"
          >
            <img
              alt=""
              src="test-file-stub"
            />
            <strong>
              Nicole Hamilton
            </strong>
          </div>
          <img
            alt=""
            class="photo"
            src="test-file-stub"
          />
          <div
            class="postContent"
          >
            <div
              class="actions"
            >
              <div>
                <img
                  alt="LinkedTeam"
                  src="test-file-stub"
                />
                <img
                  alt="LinkedTeam"
                  src="test-file-stub"
                />
                <img
                  alt="LinkedTeam"
                  src="test-file-stub"
                />
              </div>
              <img
                alt="LinkedTeam"
                src="test-file-stub"
              />
            </div>
            <div
              class="likes"
            >
              <strong>
                12
                 likes
              </strong>
            </div>
            <div
              class="comments"
            >
              <div
                class="comment"
              >
                <div>
                  <strong>
                    Nicole Hamilton
                  </strong>
                  <span>
                    Hello World! ðŸ™‚
                  </span>
                </div>
                <img
                  alt="LinkedTeam"
                  src="test-file-stub"
                />
              </div>
              <div
                class="comment"
              >
                <div>
                  <strong>
                    Adam Kenny
                  </strong>
                  <span>
                    How are you? ðŸ¥³
                  </span>
                </div>
                <img
                  alt="LinkedTeam"
                  src="test-file-stub"
                />
              </div>
            </div>
          </div>
        </div>
        <div
          class="post"
        >
          <div
            class="user"
          >
            <img
              alt=""
              src="test-file-stub"
            />
            <strong>
              Nicole Hamilton
            </strong>
          </div>
          <img
            alt=""
            class="photo"
            src="test-file-stub"
          />
          <div
            class="postContent"
          >
            <div
              class="actions"
            >
              <div>
                <img
                  alt="LinkedTeam"
                  src="test-file-stub"
                />
                <img
                  alt="LinkedTeam"
                  src="test-file-stub"
                />
                <img
                  alt="LinkedTeam"
                  src="test-file-stub"
                />
              </div>
              <img
                alt="LinkedTeam"
                src="test-file-stub"
              />
            </div>
            <div
              class="likes"
            >
              <strong>
                12
                 likes
              </strong>
            </div>
            <div
              class="comments"
            >
              <div
                class="comment"
              >
                <div>
                  <strong>
                    Nicole Hamilton
                  </strong>
                  <span>
                    Hello World! ðŸ™‚
                  </span>
                </div>
                <img
                  alt="LinkedTeam"
                  src="test-file-stub"
                />
              </div>
              <div
                class="comment"
              >
                <div>
                  <strong>
                    Adam Kenny
                  </strong>
                  <span>
                    How are you? ðŸ¥³
                  </span>
                </div>
                <img
                  alt="LinkedTeam"
                  src="test-file-stub"
                />
              </div>
            </div>
          </div>
        </div>
        <div
          class="post"
        >
          <div
            class="user"
          >
            <img
              alt=""
              src="test-file-stub"
            />
            <strong>
              Nicole Hamilton
            </strong>
          </div>
          <img
            alt=""
            class="photo"
            src="test-file-stub"
          />
          <div
            class="postContent"
          >
            <div
              class="actions"
            >
              <div>
                <img
                  alt="LinkedTeam"
                  src="test-file-stub"
                />
                <img
                  alt="LinkedTeam"
                  src="test-file-stub"
                />
                <img
                  alt="LinkedTeam"
                  src="test-file-stub"
                />
              </div>
              <img
                alt="LinkedTeam"
                src="test-file-stub"
              />
            </div>
            <div
              class="likes"
            >
              <strong>
                12
                 likes
              </strong>
            </div>
            <div
              class="comments"
            >
              <div
                class="comment"
              >
                <div>
                  <strong>
                    Nicole Hamilton
                  </strong>
                  <span>
                    Hello World! ðŸ™‚
                  </span>
                </div>
                <img
                  alt="LinkedTeam"
                  src="test-file-stub"
                />
              </div>
              <div
                class="comment"
              >
                <div>
                  <strong>
                    Adam Kenny
                  </strong>
                  <span>
                    How are you? ðŸ¥³
                  </span>
                </div>
                <img
                  alt="LinkedTeam"
                  src="test-file-stub"
                />
              </div>
            </div>
          </div>
        </div>
      </div>
    </div>
  </div>
</div>
`;
